// Jest Snapshot v1, https://goo.gl/fbAQLP

exports[`SearchByNameInput should render component 1`] = `
<SearchByNameInput
  onChange={[MockFunction]}
  value=""
>
  <div
    className="input-group"
  >
    <input
      aria-label="Search name"
      autoComplete="off"
      className="form-control border-right-0 border"
      id="search-by-name"
      name="nameStartsWith"
      onChange={[Function]}
      onKeyPress={[Function]}
      placeholder="Search name"
      type="text"
    />
    <span
      className="input-group-append"
    >
      <div
        className="input-group-text"
      >
        <img
          alt="Search"
          src={
            Object {
              "ReactComponent": Object {
                "$$typeof": Symbol(react.forward_ref),
                "render": [Function],
              },
              "__esModule": true,
              "default": "search.svg",
            }
          }
        />
      </div>
    </span>
  </div>
</SearchByNameInput>
`;
