// Jest Snapshot v1, https://goo.gl/fbAQLP

exports[`FiltersContainer should render component 1`] = `
<Connect(FiltersContainer)
  store={
    Object {
      "clearActions": [Function],
      "dispatch": [MockFunction],
      "getActions": [Function],
      "getState": [Function],
      "replaceReducer": [Function],
      "subscribe": [Function],
    }
  }
>
  <FiltersContainer
    dispatch={[MockFunction]}
    orderBy="name"
    store={
      Object {
        "clearActions": [Function],
        "dispatch": [MockFunction],
        "getActions": [Function],
        "getState": [Function],
        "replaceReducer": [Function],
        "subscribe": [Function],
      }
    }
  >
    <form
      className="filters"
    >
      <div
        className="input-group"
      >
        <input
          autoComplete="off"
          className="form-control border-right-0 border"
          name="nameStartsWith"
          onChange={[Function]}
          placeholder="Search name"
          type="text"
        />
        <span
          className="input-group-append"
        >
          <div
            className="input-group-text"
          >
            <i
              className="fa fa-search"
            />
          </div>
        </span>
      </div>
      <div
        className="filters__order-by"
      >
        <OrderSelector
          onChange={[Function]}
          value="name"
        >
          <select
            className="form-control"
            name="orderBy"
            onChange={[Function]}
            value="name"
          >
            <option
              value="name"
            >
              Name Asc
            </option>
            <option
              value="-name"
            >
              Name Desc
            </option>
            <option
              value="modified"
            >
              Modified Asc
            </option>
            <option
              value="-modified"
            >
              Modified Desc
            </option>
          </select>
        </OrderSelector>
      </div>
    </form>
  </FiltersContainer>
</Connect(FiltersContainer)>
`;
