// Jest Snapshot v1, https://goo.gl/fbAQLP

exports[`FiltersContainer should render component 1`] = `
<Connect(FiltersContainer)
  store={
    Object {
      "clearActions": [Function],
      "dispatch": [MockFunction],
      "getActions": [Function],
      "getState": [Function],
      "replaceReducer": [Function],
      "subscribe": [Function],
    }
  }
>
  <FiltersContainer
    dispatch={[MockFunction]}
    orderBy="name"
    store={
      Object {
        "clearActions": [Function],
        "dispatch": [MockFunction],
        "getActions": [Function],
        "getState": [Function],
        "replaceReducer": [Function],
        "subscribe": [Function],
      }
    }
  >
    <form
      className="filters"
    >
      <SearchByNameInput
        onChange={[Function]}
      >
        <div
          className="input-group"
        >
          <input
            aria-label="Search name"
            autoComplete="off"
            className="form-control border-right-0 border"
            id="search-by-name"
            name="nameStartsWith"
            onChange={[Function]}
            onKeyPress={[Function]}
            placeholder="Search name"
            type="text"
          />
          <span
            className="input-group-append"
          >
            <div
              className="input-group-text"
            >
              <img
                alt="Search"
                src={
                  Object {
                    "ReactComponent": Object {
                      "$$typeof": Symbol(react.forward_ref),
                      "render": [Function],
                    },
                    "__esModule": true,
                    "default": "search.svg",
                  }
                }
              />
            </div>
          </span>
        </div>
      </SearchByNameInput>
      <OrderBySelector
        onChange={[Function]}
        value="name"
      >
        <select
          className="form-control order-by-selector"
          name="orderBy"
          onChange={[Function]}
          value="name"
        >
          <option
            value="name"
          >
            Name Asc
          </option>
          <option
            value="-name"
          >
            Name Desc
          </option>
          <option
            value="modified"
          >
            Modified Asc
          </option>
          <option
            value="-modified"
          >
            Modified Desc
          </option>
        </select>
      </OrderBySelector>
    </form>
  </FiltersContainer>
</Connect(FiltersContainer)>
`;
