// Jest Snapshot v1, https://goo.gl/fbAQLP

exports[`CharactersPagination should display pagination with given properties 1`] = `
<div
  className="pagination__wrapper"
>
  <ForwardRef>
    <Prev
      disabled={true}
      onClick={[Function]}
    />
    <PageItem
      active={true}
      activeLabel="(current)"
      disabled={false}
    >
      1
    </PageItem>
    <PageItem
      active={false}
      activeLabel="(current)"
      disabled={false}
      onClick={[Function]}
    >
      2
    </PageItem>
    <Next
      disabled={false}
      onClick={[Function]}
    />
  </ForwardRef>
</div>
`;
