// Jest Snapshot v1, https://goo.gl/fbAQLP

exports[`CharacterList should display characters list 1`] = `
<ul
  className="character-list"
>
  <li
    className="character-list__item"
    key="1"
  >
    <Link
      to="/1"
    >
      <CharacterListItem
        character={
          Object {
            "id": 1,
            "name": "Ironman",
          }
        }
      />
    </Link>
  </li>
  <li
    className="character-list__item"
    key="2"
  >
    <Link
      to="/2"
    >
      <CharacterListItem
        character={
          Object {
            "id": 2,
            "name": "Thor",
          }
        }
      />
    </Link>
  </li>
  <li
    className="character-list__item"
    key="3"
  >
    <Link
      to="/3"
    >
      <CharacterListItem
        character={
          Object {
            "id": 3,
            "name": "Black Widow",
          }
        }
      />
    </Link>
  </li>
</ul>
`;
