// Jest Snapshot v1, https://goo.gl/fbAQLP

exports[`App should match snapshot 1`] = `
<BrowserRouter>
  <div
    className="app-container"
  >
    <header>
      <Header />
    </header>
    <main
      className="main"
    >
      <Switch>
        <Suspense
          fallback={<Spinner />}
        >
          <Route
            component={
              Object {
                "$$typeof": Symbol(react.lazy),
                "_ctor": [Function],
                "_result": null,
                "_status": -1,
              }
            }
            exact={true}
            path="/"
          />
          <Route
            component={
              Object {
                "$$typeof": Symbol(react.lazy),
                "_ctor": [Function],
                "_result": null,
                "_status": -1,
              }
            }
            path="/:id"
          />
        </Suspense>
      </Switch>
    </main>
    <footer>
      <Footer />
    </footer>
  </div>
</BrowserRouter>
`;
