// Jest Snapshot v1, https://goo.gl/fbAQLP

exports[`App should match snapshot 1`] = `
<BrowserRouter>
  <div
    className="app-container"
  >
    <header>
      <Header />
    </header>
    <main
      className="main"
    >
      <Switch>
        <Route
          component={
            Object {
              "$$typeof": Symbol(react.memo),
              "WrappedComponent": [Function],
              "compare": null,
              "displayName": "Connect(CharacterListContainer)",
              "type": [Function],
            }
          }
          exact={true}
          path="/"
        />
        <Route
          component={
            Object {
              "$$typeof": Symbol(react.memo),
              "WrappedComponent": [Function],
              "compare": null,
              "displayName": "Connect(CharacterDetailsContainer)",
              "type": [Function],
            }
          }
          path="/:id"
        />
      </Switch>
    </main>
    <footer>
      <Footer />
    </footer>
  </div>
</BrowserRouter>
`;
