// Jest Snapshot v1, https://goo.gl/fbAQLP

exports[`CharacterDetails should display characters list 1`] = `
<div
  className="card mb-3"
>
  <div
    className="row no-gutters"
  >
    <div
      className="col-md-4"
    >
      <img
        alt="3-D Man"
        className="card-img"
        src="http://i.annihil.us/u/prod/marvel/i/mg/c/e0/535fecbbb9784.jpg"
      />
    </div>
    <div
      className="col-md-8"
    >
      <div
        className="card-body"
      >
        <h1
          className="card-title"
        >
          3-D Man
        </h1>
        <p
          className="card-text"
        >
          No description available.
        </p>
        <p
          className="card-text"
        >
          <small
            className="text-muted"
          >
            Last updated 
            4/29/2014, 8:18:17 PM
          </small>
        </p>
      </div>
    </div>
  </div>
</div>
`;
